python : INFO:httpx:HTTP Request: HEAD https://huggingface.co/j-hartmann/emotio
n-english-distilroberta-base/resolve/main/config.json "HTTP/1.1 307 Temporary 
Redirect"
At line:1 char:36
+ ... les\Chronosync" ; python test_draft.py > test_output.txt 2>&1 ; Get-C ...
+                       ~~~~~~~~~~~~~~~~~~~~~~~~~~~~~~~~~~~~~~~~~~~
    + CategoryInfo          : NotSpecified: (INFO:httpx:HTTP...orary Redirect" 
   :String) [], RemoteException
    + FullyQualifiedErrorId : NativeCommandError
 
INFO:httpx:HTTP Request: HEAD https://huggingface.co/api/resolve-cache/models/j
-hartmann/emotion-english-distilroberta-base/0e1cd914e3d46199ed785853e12b57304e
04178b/config.json "HTTP/1.1 200 OK"
INFO:httpx:HTTP Request: HEAD https://huggingface.co/j-hartmann/emotion-english
-distilroberta-base/resolve/main/model.safetensors "HTTP/1.1 404 Not Found"
INFO:httpx:HTTP Request: GET https://huggingface.co/api/models/j-hartmann/emoti
on-english-distilroberta-base "HTTP/1.1 200 OK"
INFO:httpx:HTTP Request: HEAD https://huggingface.co/j-hartmann/emotion-english
-distilroberta-base/resolve/main/model.safetensors "HTTP/1.1 404 Not Found"
INFO:httpx:HTTP Request: GET https://huggingface.co/api/models/j-hartmann/emoti
on-english-distilroberta-base/commits/main "HTTP/1.1 200 OK"

Loading weights:   0%|          | 0/105 [00:00<?, ?it/s]
Loading weights:   1%|          | 1/105 [00:00<?, ?it/s, Materializing 
param=classifier.dense.bias]
Loading weights:   1%|          | 1/105 [00:00<?, ?it/s, Materializing 
param=classifier.dense.bias]
Loading weights:   2%|1         | 2/105 [00:00<?, ?it/s, Materializing 
param=classifier.dense.weight]
Loading weights:   2%|1         | 2/105 [00:00<?, ?it/s, Materializing 
param=classifier.dense.weight]
Loading weights:   3%|2         | 3/105 [00:00<?, ?it/s, Materializing 
param=classifier.out_proj.bias]
Loading weights:   3%|2         | 3/105 [00:00<?, ?it/s, Materializing 
param=classifier.out_proj.bias]
Loading weights:   4%|3         | 4/105 [00:00<?, ?it/s, Materializing 
param=classifier.out_proj.weight]
Loading weights:   4%|3         | 4/105 [00:00<?, ?it/s, Materializing 
param=classifier.out_proj.weight]
Loading weights:   5%|4         | 5/105 [00:00<?, ?it/s, Materializing 
param=roberta.embeddings.LayerNorm.bias]
Loading weights:   5%|4         | 5/105 [00:00<?, ?it/s, Materializing 
param=roberta.embeddings.LayerNorm.bias]
Loading weights:   6%|5         | 6/105 [00:00<?, ?it/s, Materializing 
param=roberta.embeddings.LayerNorm.weight]
Loading weights:   6%|5         | 6/105 [00:00<?, ?it/s, Materializing 
param=roberta.embeddings.LayerNorm.weight]
Loading weights:   7%|6         | 7/105 [00:00<?, ?it/s, Materializing 
param=roberta.embeddings.position_embeddings.weight]
Loading weights:   7%|6         | 7/105 [00:00<?, ?it/s, Materializing 
param=roberta.embeddings.position_embeddings.weight]
Loading weights:   8%|7         | 8/105 [00:00<?, ?it/s, Materializing 
param=roberta.embeddings.token_type_embeddings.weight]
Loading weights:   8%|7         | 8/105 [00:00<?, ?it/s, Materializing 
param=roberta.embeddings.token_type_embeddings.weight]
Loading weights:   9%|8         | 9/105 [00:00<?, ?it/s, Materializing 
param=roberta.embeddings.word_embeddings.weight]      
Loading weights:   9%|8         | 9/105 [00:00<00:00, 1438.76it/s, 
Materializing param=roberta.embeddings.word_embeddings.weight]
Loading weights:  10%|9         | 10/105 [00:00<00:00, 1598.62it/s, 
Materializing param=roberta.encoder.layer.0.attention.output.LayerNorm.bias]
Loading weights:  10%|9         | 10/105 [00:00<00:00, 1598.62it/s, 
Materializing param=roberta.encoder.layer.0.attention.output.LayerNorm.bias]
Loading weights:  10%|#         | 11/105 [00:00<00:00, 1758.48it/s, 
Materializing param=roberta.encoder.layer.0.attention.output.LayerNorm.weight]
Loading weights:  10%|#         | 11/105 [00:00<00:00, 1758.48it/s, 
Materializing param=roberta.encoder.layer.0.attention.output.LayerNorm.weight]
Loading weights:  11%|#1        | 12/105 [00:00<00:00, 1918.35it/s, 
Materializing param=roberta.encoder.layer.0.attention.output.dense.bias]      
Loading weights:  11%|#1        | 12/105 [00:00<00:00, 1918.35it/s, 
Materializing param=roberta.encoder.layer.0.attention.output.dense.bias]
Loading weights:  12%|#2        | 13/105 [00:00<00:00, 2078.21it/s, 
Materializing param=roberta.encoder.layer.0.attention.output.dense.weight]
Loading weights:  12%|#2        | 13/105 [00:00<00:00, 2078.21it/s, 
Materializing param=roberta.encoder.layer.0.attention.output.dense.weight]
Loading weights:  13%|#3        | 14/105 [00:00<00:00, 2238.07it/s, 
Materializing param=roberta.encoder.layer.0.attention.self.key.bias]      
Loading weights:  13%|#3        | 14/105 [00:00<00:00, 2238.07it/s, 
Materializing param=roberta.encoder.layer.0.attention.self.key.bias]
Loading weights:  14%|#4        | 15/105 [00:00<00:00, 2397.93it/s, 
Materializing param=roberta.encoder.layer.0.attention.self.key.weight]
Loading weights:  14%|#4        | 15/105 [00:00<00:00, 2397.93it/s, 
Materializing param=roberta.encoder.layer.0.attention.self.key.weight]
Loading weights:  15%|#5        | 16/105 [00:00<00:00, 2557.79it/s, 
Materializing param=roberta.encoder.layer.0.attention.self.query.bias]
Loading weights:  15%|#5        | 16/105 [00:00<00:00, 2557.79it/s, 
Materializing param=roberta.encoder.layer.0.attention.self.query.bias]
Loading weights:  16%|#6        | 17/105 [00:00<00:00, 2717.66it/s, 
Materializing param=roberta.encoder.layer.0.attention.self.query.weight]
Loading weights:  16%|#6        | 17/105 [00:00<00:00, 2717.66it/s, 
Materializing param=roberta.encoder.layer.0.attention.self.query.weight]
Loading weights:  17%|#7        | 18/105 [00:00<00:00, 2877.52it/s, 
Materializing param=roberta.encoder.layer.0.attention.self.value.bias]  
Loading weights:  17%|#7        | 18/105 [00:00<00:00, 2877.52it/s, 
Materializing param=roberta.encoder.layer.0.attention.self.value.bias]
Loading weights:  18%|#8        | 19/105 [00:00<00:00, 3037.38it/s, 
Materializing param=roberta.encoder.layer.0.attention.self.value.weight]
Loading weights:  18%|#8        | 19/105 [00:00<00:00, 3037.38it/s, 
Materializing param=roberta.encoder.layer.0.attention.self.value.weight]
Loading weights:  19%|#9        | 20/105 [00:00<00:00, 3197.24it/s, 
Materializing param=roberta.encoder.layer.0.intermediate.dense.bias]    
Loading weights:  19%|#9        | 20/105 [00:00<00:00, 3197.24it/s, 
Materializing param=roberta.encoder.layer.0.intermediate.dense.bias]
Loading weights:  20%|##        | 21/105 [00:00<00:00, 3357.11it/s, 
Materializing param=roberta.encoder.layer.0.intermediate.dense.weight]
Loading weights:  20%|##        | 21/105 [00:00<00:00, 3357.11it/s, 
Materializing param=roberta.encoder.layer.0.intermediate.dense.weight]
Loading weights:  21%|##        | 22/105 [00:00<00:00, 2662.82it/s, 
Materializing param=roberta.encoder.layer.0.output.LayerNorm.bias]    
Loading weights:  21%|##        | 22/105 [00:00<00:00, 2662.82it/s, 
Materializing param=roberta.encoder.layer.0.output.LayerNorm.bias]
Loading weights:  22%|##1       | 23/105 [00:00<00:00, 2783.86it/s, 
Materializing param=roberta.encoder.layer.0.output.LayerNorm.weight]
Loading weights:  22%|##1       | 23/105 [00:00<00:00, 2783.86it/s, 
Materializing param=roberta.encoder.layer.0.output.LayerNorm.weight]
Loading weights:  23%|##2       | 24/105 [00:00<00:00, 2904.89it/s, 
Materializing param=roberta.encoder.layer.0.output.dense.bias]      
Loading weights:  23%|##2       | 24/105 [00:00<00:00, 2904.89it/s, 
Materializing param=roberta.encoder.layer.0.output.dense.bias]
Loading weights:  24%|##3       | 25/105 [00:00<00:00, 3025.93it/s, 
Materializing param=roberta.encoder.layer.0.output.dense.weight]
Loading weights:  24%|##3       | 25/105 [00:00<00:00, 3025.93it/s, 
Materializing param=roberta.encoder.layer.0.output.dense.weight]
Loading weights:  25%|##4       | 26/105 [00:00<00:00, 3146.97it/s, 
Materializing param=roberta.encoder.layer.1.attention.output.LayerNorm.bias]
Loading weights:  25%|##4       | 26/105 [00:00<00:00, 3146.97it/s, 
Materializing param=roberta.encoder.layer.1.attention.output.LayerNorm.bias]
Loading weights:  26%|##5       | 27/105 [00:00<00:00, 3268.01it/s, 
Materializing param=roberta.encoder.layer.1.attention.output.LayerNorm.weight]
Loading weights:  26%|##5       | 27/105 [00:00<00:00, 3268.01it/s, 
Materializing param=roberta.encoder.layer.1.attention.output.LayerNorm.weight]
Loading weights:  27%|##6       | 28/105 [00:00<00:00, 3389.04it/s, 
Materializing param=roberta.encoder.layer.1.attention.output.dense.bias]      
Loading weights:  27%|##6       | 28/105 [00:00<00:00, 3389.04it/s, 
Materializing param=roberta.encoder.layer.1.attention.output.dense.bias]
Loading weights:  28%|##7       | 29/105 [00:00<00:00, 3510.08it/s, 
Materializing param=roberta.encoder.layer.1.attention.output.dense.weight]
Loading weights:  28%|##7       | 29/105 [00:00<00:00, 3510.08it/s, 
Materializing param=roberta.encoder.layer.1.attention.output.dense.weight]
Loading weights:  29%|##8       | 30/105 [00:00<00:00, 2921.03it/s, 
Materializing param=roberta.encoder.layer.1.attention.self.key.bias]      
Loading weights:  29%|##8       | 30/105 [00:00<00:00, 2921.03it/s, 
Materializing param=roberta.encoder.layer.1.attention.self.key.bias]
Loading weights:  30%|##9       | 31/105 [00:00<00:00, 3018.40it/s, 
Materializing param=roberta.encoder.layer.1.attention.self.key.weight]
Loading weights:  30%|##9       | 31/105 [00:00<00:00, 3018.40it/s, 
Materializing param=roberta.encoder.layer.1.attention.self.key.weight]
Loading weights:  30%|###       | 32/105 [00:00<00:00, 3115.76it/s, 
Materializing param=roberta.encoder.layer.1.attention.self.query.bias]
Loading weights:  30%|###       | 32/105 [00:00<00:00, 3115.76it/s, 
Materializing param=roberta.encoder.layer.1.attention.self.query.bias]
Loading weights:  31%|###1      | 33/105 [00:00<00:00, 3213.13it/s, 
Materializing param=roberta.encoder.layer.1.attention.self.query.weight]
Loading weights:  31%|###1      | 33/105 [00:00<00:00, 3213.13it/s, 
Materializing param=roberta.encoder.layer.1.attention.self.query.weight]
Loading weights:  32%|###2      | 34/105 [00:00<00:00, 3310.50it/s, 
Materializing param=roberta.encoder.layer.1.attention.self.value.bias]  
Loading weights:  32%|###2      | 34/105 [00:00<00:00, 3310.50it/s, 
Materializing param=roberta.encoder.layer.1.attention.self.value.bias]
Loading weights:  33%|###3      | 35/105 [00:00<00:00, 3407.87it/s, 
Materializing param=roberta.encoder.layer.1.attention.self.value.weight]
Loading weights:  33%|###3      | 35/105 [00:00<00:00, 3407.87it/s, 
Materializing param=roberta.encoder.layer.1.attention.self.value.weight]
Loading weights:  34%|###4      | 36/105 [00:00<00:00, 3505.23it/s, 
Materializing param=roberta.encoder.layer.1.intermediate.dense.bias]    
Loading weights:  34%|###4      | 36/105 [00:00<00:00, 3505.23it/s, 
Materializing param=roberta.encoder.layer.1.intermediate.dense.bias]
Loading weights:  35%|###5      | 37/105 [00:00<00:00, 3602.60it/s, 
Materializing param=roberta.encoder.layer.1.intermediate.dense.weight]
Loading weights:  35%|###5      | 37/105 [00:00<00:00, 3602.60it/s, 
Materializing param=roberta.encoder.layer.1.intermediate.dense.weight]
Loading weights:  36%|###6      | 38/105 [00:00<00:00, 3699.97it/s, 
Materializing param=roberta.encoder.layer.1.output.LayerNorm.bias]    
Loading weights:  36%|###6      | 38/105 [00:00<00:00, 3085.48it/s, 
Materializing param=roberta.encoder.layer.1.output.LayerNorm.bias]
Loading weights:  37%|###7      | 39/105 [00:00<00:00, 3166.68it/s, 
Materializing param=roberta.encoder.layer.1.output.LayerNorm.weight]
Loading weights:  37%|###7      | 39/105 [00:00<00:00, 3166.68it/s, 
Materializing param=roberta.encoder.layer.1.output.LayerNorm.weight]
Loading weights:  38%|###8      | 40/105 [00:00<00:00, 3247.87it/s, 
Materializing param=roberta.encoder.layer.1.output.dense.bias]      
Loading weights:  38%|###8      | 40/105 [00:00<00:00, 3247.87it/s, 
Materializing param=roberta.encoder.layer.1.output.dense.bias]
Loading weights:  39%|###9      | 41/105 [00:00<00:00, 3329.07it/s, 
Materializing param=roberta.encoder.layer.1.output.dense.weight]
Loading weights:  39%|###9      | 41/105 [00:00<00:00, 3329.07it/s, 
Materializing param=roberta.encoder.layer.1.output.dense.weight]
Loading weights:  40%|####      | 42/105 [00:00<00:00, 3410.27it/s, 
Materializing param=roberta.encoder.layer.2.attention.output.LayerNorm.bias]
Loading weights:  40%|####      | 42/105 [00:00<00:00, 3410.27it/s, 
Materializing param=roberta.encoder.layer.2.attention.output.LayerNorm.bias]
Loading weights:  41%|####      | 43/105 [00:00<00:00, 3491.46it/s, 
Materializing param=roberta.encoder.layer.2.attention.output.LayerNorm.weight]
Loading weights:  41%|####      | 43/105 [00:00<00:00, 3491.46it/s, 
Materializing param=roberta.encoder.layer.2.attention.output.LayerNorm.weight]
Loading weights:  42%|####1     | 44/105 [00:00<00:00, 3572.66it/s, 
Materializing param=roberta.encoder.layer.2.attention.output.dense.bias]      
Loading weights:  42%|####1     | 44/105 [00:00<00:00, 3572.66it/s, 
Materializing param=roberta.encoder.layer.2.attention.output.dense.bias]
Loading weights:  43%|####2     | 45/105 [00:00<00:00, 3653.86it/s, 
Materializing param=roberta.encoder.layer.2.attention.output.dense.weight]
Loading weights:  43%|####2     | 45/105 [00:00<00:00, 3653.86it/s, 
Materializing param=roberta.encoder.layer.2.attention.output.dense.weight]
Loading weights:  44%|####3     | 46/105 [00:00<00:00, 3735.05it/s, 
Materializing param=roberta.encoder.layer.2.attention.self.key.bias]      
Loading weights:  44%|####3     | 46/105 [00:00<00:00, 3735.05it/s, 
Materializing param=roberta.encoder.layer.2.attention.self.key.bias]
Loading weights:  45%|####4     | 47/105 [00:00<00:00, 3281.44it/s, 
Materializing param=roberta.encoder.layer.2.attention.self.key.weight]
Loading weights:  45%|####4     | 47/105 [00:00<00:00, 3281.44it/s, 
Materializing param=roberta.encoder.layer.2.attention.self.key.weight]
Loading weights:  46%|####5     | 48/105 [00:00<00:00, 3351.25it/s, 
Materializing param=roberta.encoder.layer.2.attention.self.query.bias]
Loading weights:  46%|####5     | 48/105 [00:00<00:00, 3351.25it/s, 
Materializing param=roberta.encoder.layer.2.attention.self.query.bias]
Loading weights:  47%|####6     | 49/105 [00:00<00:00, 3421.07it/s, 
Materializing param=roberta.encoder.layer.2.attention.self.query.weight]
Loading weights:  47%|####6     | 49/105 [00:00<00:00, 3421.07it/s, 
Materializing param=roberta.encoder.layer.2.attention.self.query.weight]
Loading weights:  48%|####7     | 50/105 [00:00<00:00, 3490.89it/s, 
Materializing param=roberta.encoder.layer.2.attention.self.value.bias]  
Loading weights:  48%|####7     | 50/105 [00:00<00:00, 3490.89it/s, 
Materializing param=roberta.encoder.layer.2.attention.self.value.bias]
Loading weights:  49%|####8     | 51/105 [00:00<00:00, 3560.71it/s, 
Materializing param=roberta.encoder.layer.2.attention.self.value.weight]
Loading weights:  49%|####8     | 51/105 [00:00<00:00, 3560.71it/s, 
Materializing param=roberta.encoder.layer.2.attention.self.value.weight]
Loading weights:  50%|####9     | 52/105 [00:00<00:00, 3630.53it/s, 
Materializing param=roberta.encoder.layer.2.intermediate.dense.bias]    
Loading weights:  50%|####9     | 52/105 [00:00<00:00, 3630.53it/s, 
Materializing param=roberta.encoder.layer.2.intermediate.dense.bias]
Loading weights:  50%|#####     | 53/105 [00:00<00:00, 3297.90it/s, 
Materializing param=roberta.encoder.layer.2.intermediate.dense.weight]
Loading weights:  50%|#####     | 53/105 [00:00<00:00, 3297.90it/s, 
Materializing param=roberta.encoder.layer.2.intermediate.dense.weight]
Loading weights:  51%|#####1    | 54/105 [00:00<00:00, 3360.12it/s, 
Materializing param=roberta.encoder.layer.2.output.LayerNorm.bias]    
Loading weights:  51%|#####1    | 54/105 [00:00<00:00, 3360.12it/s, 
Materializing param=roberta.encoder.layer.2.output.LayerNorm.bias]
Loading weights:  52%|#####2    | 55/105 [00:00<00:00, 3422.35it/s, 
Materializing param=roberta.encoder.layer.2.output.LayerNorm.weight]
Loading weights:  52%|#####2    | 55/105 [00:00<00:00, 3422.35it/s, 
Materializing param=roberta.encoder.layer.2.output.LayerNorm.weight]
Loading weights:  53%|#####3    | 56/105 [00:00<00:00, 3484.57it/s, 
Materializing param=roberta.encoder.layer.2.output.dense.bias]      
Loading weights:  53%|#####3    | 56/105 [00:00<00:00, 3484.57it/s, 
Materializing param=roberta.encoder.layer.2.output.dense.bias]
Loading weights:  54%|#####4    | 57/105 [00:00<00:00, 3546.80it/s, 
Materializing param=roberta.encoder.layer.2.output.dense.weight]
Loading weights:  54%|#####4    | 57/105 [00:00<00:00, 3546.80it/s, 
Materializing param=roberta.encoder.layer.2.output.dense.weight]
Loading weights:  55%|#####5    | 58/105 [00:00<00:00, 3609.02it/s, 
Materializing param=roberta.encoder.layer.3.attention.output.LayerNorm.bias]
Loading weights:  55%|#####5    | 58/105 [00:00<00:00, 3609.02it/s, 
Materializing param=roberta.encoder.layer.3.attention.output.LayerNorm.bias]
Loading weights:  56%|#####6    | 59/105 [00:00<00:00, 3671.24it/s, 
Materializing param=roberta.encoder.layer.3.attention.output.LayerNorm.weight]
Loading weights:  56%|#####6    | 59/105 [00:00<00:00, 3671.24it/s, 
Materializing param=roberta.encoder.layer.3.attention.output.LayerNorm.weight]
Loading weights:  57%|#####7    | 60/105 [00:00<00:00, 3733.47it/s, 
Materializing param=roberta.encoder.layer.3.attention.output.dense.bias]      
Loading weights:  57%|#####7    | 60/105 [00:00<00:00, 3733.47it/s, 
Materializing param=roberta.encoder.layer.3.attention.output.dense.bias]
Loading weights:  58%|#####8    | 61/105 [00:00<00:00, 3304.65it/s, 
Materializing param=roberta.encoder.layer.3.attention.output.dense.weight]
Loading weights:  58%|#####8    | 61/105 [00:00<00:00, 3304.65it/s, 
Materializing param=roberta.encoder.layer.3.attention.output.dense.weight]
Loading weights:  59%|#####9    | 62/105 [00:00<00:00, 3358.82it/s, 
Materializing param=roberta.encoder.layer.3.attention.self.key.bias]      
Loading weights:  59%|#####9    | 62/105 [00:00<00:00, 3358.82it/s, 
Materializing param=roberta.encoder.layer.3.attention.self.key.bias]
Loading weights:  60%|######    | 63/105 [00:00<00:00, 3413.00it/s, 
Materializing param=roberta.encoder.layer.3.attention.self.key.weight]
Loading weights:  60%|######    | 63/105 [00:00<00:00, 3413.00it/s, 
Materializing param=roberta.encoder.layer.3.attention.self.key.weight]
Loading weights:  61%|######    | 64/105 [00:00<00:00, 3467.17it/s, 
Materializing param=roberta.encoder.layer.3.attention.self.query.bias]
Loading weights:  61%|######    | 64/105 [00:00<00:00, 3467.17it/s, 
Materializing param=roberta.encoder.layer.3.attention.self.query.bias]
Loading weights:  62%|######1   | 65/105 [00:00<00:00, 3521.35it/s, 
Materializing param=roberta.encoder.layer.3.attention.self.query.weight]
Loading weights:  62%|######1   | 65/105 [00:00<00:00, 3521.35it/s, 
Materializing param=roberta.encoder.layer.3.attention.self.query.weight]
Loading weights:  63%|######2   | 66/105 [00:00<00:00, 3575.52it/s, 
Materializing param=roberta.encoder.layer.3.attention.self.value.bias]  
Loading weights:  63%|######2   | 66/105 [00:00<00:00, 3210.26it/s, 
Materializing param=roberta.encoder.layer.3.attention.self.value.bias]
Loading weights:  64%|######3   | 67/105 [00:00<00:00, 3258.90it/s, 
Materializing param=roberta.encoder.layer.3.attention.self.value.weight]
Loading weights:  64%|######3   | 67/105 [00:00<00:00, 3258.90it/s, 
Materializing param=roberta.encoder.layer.3.attention.self.value.weight]
Loading weights:  65%|######4   | 68/105 [00:00<00:00, 3307.54it/s, 
Materializing param=roberta.encoder.layer.3.intermediate.dense.bias]    
Loading weights:  65%|######4   | 68/105 [00:00<00:00, 3307.54it/s, 
Materializing param=roberta.encoder.layer.3.intermediate.dense.bias]
Loading weights:  66%|######5   | 69/105 [00:00<00:00, 3356.18it/s, 
Materializing param=roberta.encoder.layer.3.intermediate.dense.weight]
Loading weights:  66%|######5   | 69/105 [00:00<00:00, 3356.18it/s, 
Materializing param=roberta.encoder.layer.3.intermediate.dense.weight]
Loading weights:  67%|######6   | 70/105 [00:00<00:00, 3404.82it/s, 
Materializing param=roberta.encoder.layer.3.output.LayerNorm.bias]    
Loading weights:  67%|######6   | 70/105 [00:00<00:00, 3404.82it/s, 
Materializing param=roberta.encoder.layer.3.output.LayerNorm.bias]
Loading weights:  68%|######7   | 71/105 [00:00<00:00, 3453.46it/s, 
Materializing param=roberta.encoder.layer.3.output.LayerNorm.weight]
Loading weights:  68%|######7   | 71/105 [00:00<00:00, 3453.46it/s, 
Materializing param=roberta.encoder.layer.3.output.LayerNorm.weight]
Loading weights:  69%|######8   | 72/105 [00:00<00:00, 3502.10it/s, 
Materializing param=roberta.encoder.layer.3.output.dense.bias]      
Loading weights:  69%|######8   | 72/105 [00:00<00:00, 3502.10it/s, 
Materializing param=roberta.encoder.layer.3.output.dense.bias]
Loading weights:  70%|######9   | 73/105 [00:00<00:00, 3550.74it/s, 
Materializing param=roberta.encoder.layer.3.output.dense.weight]
Loading weights:  70%|######9   | 73/105 [00:00<00:00, 3550.74it/s, 
Materializing param=roberta.encoder.layer.3.output.dense.weight]
Loading weights:  70%|#######   | 74/105 [00:00<00:00, 3279.36it/s, 
Materializing param=roberta.encoder.layer.4.attention.output.LayerNorm.bias]
Loading weights:  70%|#######   | 74/105 [00:00<00:00, 3279.36it/s, 
Materializing param=roberta.encoder.layer.4.attention.output.LayerNorm.bias]
Loading weights:  71%|#######1  | 75/105 [00:00<00:00, 3323.68it/s, 
Materializing param=roberta.encoder.layer.4.attention.output.LayerNorm.weight]
Loading weights:  71%|#######1  | 75/105 [00:00<00:00, 3323.68it/s, 
Materializing param=roberta.encoder.layer.4.attention.output.LayerNorm.weight]
Loading weights:  72%|#######2  | 76/105 [00:00<00:00, 3367.99it/s, 
Materializing param=roberta.encoder.layer.4.attention.output.dense.bias]      
Loading weights:  72%|#######2  | 76/105 [00:00<00:00, 3367.99it/s, 
Materializing param=roberta.encoder.layer.4.attention.output.dense.bias]
Loading weights:  73%|#######3  | 77/105 [00:00<00:00, 3412.31it/s, 
Materializing param=roberta.encoder.layer.4.attention.output.dense.weight]
Loading weights:  73%|#######3  | 77/105 [00:00<00:00, 3412.31it/s, 
Materializing param=roberta.encoder.layer.4.attention.output.dense.weight]
Loading weights:  74%|#######4  | 78/105 [00:00<00:00, 3456.62it/s, 
Materializing param=roberta.encoder.layer.4.attention.self.key.bias]      
Loading weights:  74%|#######4  | 78/105 [00:00<00:00, 3456.62it/s, 
Materializing param=roberta.encoder.layer.4.attention.self.key.bias]
Loading weights:  75%|#######5  | 79/105 [00:00<00:00, 3500.94it/s, 
Materializing param=roberta.encoder.layer.4.attention.self.key.weight]
Loading weights:  75%|#######5  | 79/105 [00:00<00:00, 3500.94it/s, 
Materializing param=roberta.encoder.layer.4.attention.self.key.weight]
Loading weights:  76%|#######6  | 80/105 [00:00<00:00, 3545.26it/s, 
Materializing param=roberta.encoder.layer.4.attention.self.query.bias]
Loading weights:  76%|#######6  | 80/105 [00:00<00:00, 3545.26it/s, 
Materializing param=roberta.encoder.layer.4.attention.self.query.bias]
Loading weights:  77%|#######7  | 81/105 [00:00<00:00, 3589.57it/s, 
Materializing param=roberta.encoder.layer.4.attention.self.query.weight]
Loading weights:  77%|#######7  | 81/105 [00:00<00:00, 3296.42it/s, 
Materializing param=roberta.encoder.layer.4.attention.self.query.weight]
Loading weights:  78%|#######8  | 82/105 [00:00<00:00, 3337.11it/s, 
Materializing param=roberta.encoder.layer.4.attention.self.value.bias]  
Loading weights:  78%|#######8  | 82/105 [00:00<00:00, 3337.11it/s, 
Materializing param=roberta.encoder.layer.4.attention.self.value.bias]
Loading weights:  79%|#######9  | 83/105 [00:00<00:00, 3377.81it/s, 
Materializing param=roberta.encoder.layer.4.attention.self.value.weight]
Loading weights:  79%|#######9  | 83/105 [00:00<00:00, 3377.81it/s, 
Materializing param=roberta.encoder.layer.4.attention.self.value.weight]
Loading weights:  80%|########  | 84/105 [00:00<00:00, 3418.51it/s, 
Materializing param=roberta.encoder.layer.4.intermediate.dense.bias]    
Loading weights:  80%|########  | 84/105 [00:00<00:00, 3418.51it/s, 
Materializing param=roberta.encoder.layer.4.intermediate.dense.bias]
Loading weights:  81%|########  | 85/105 [00:00<00:00, 3459.20it/s, 
Materializing param=roberta.encoder.layer.4.intermediate.dense.weight]
Loading weights:  81%|########  | 85/105 [00:00<00:00, 3459.20it/s, 
Materializing param=roberta.encoder.layer.4.intermediate.dense.weight]
Loading weights:  82%|########1 | 86/105 [00:00<00:00, 3499.90it/s, 
Materializing param=roberta.encoder.layer.4.output.LayerNorm.bias]    
Loading weights:  82%|########1 | 86/105 [00:00<00:00, 3499.90it/s, 
Materializing param=roberta.encoder.layer.4.output.LayerNorm.bias]
Loading weights:  83%|########2 | 87/105 [00:00<00:00, 3540.60it/s, 
Materializing param=roberta.encoder.layer.4.output.LayerNorm.weight]
Loading weights:  83%|########2 | 87/105 [00:00<00:00, 3540.60it/s, 
Materializing param=roberta.encoder.layer.4.output.LayerNorm.weight]
Loading weights:  84%|########3 | 88/105 [00:00<00:00, 3581.29it/s, 
Materializing param=roberta.encoder.layer.4.output.dense.bias]      
Loading weights:  84%|########3 | 88/105 [00:00<00:00, 3581.29it/s, 
Materializing param=roberta.encoder.layer.4.output.dense.bias]
Loading weights:  85%|########4 | 89/105 [00:00<00:00, 3621.99it/s, 
Materializing param=roberta.encoder.layer.4.output.dense.weight]
Loading weights:  85%|########4 | 89/105 [00:00<00:00, 3621.99it/s, 
Materializing param=roberta.encoder.layer.4.output.dense.weight]
Loading weights:  86%|########5 | 90/105 [00:00<00:00, 3662.69it/s, 
Materializing param=roberta.encoder.layer.5.attention.output.LayerNorm.bias]
Loading weights:  86%|########5 | 90/105 [00:00<00:00, 3662.69it/s, 
Materializing param=roberta.encoder.layer.5.attention.output.LayerNorm.bias]
Loading weights:  87%|########6 | 91/105 [00:00<00:00, 3703.38it/s, 
Materializing param=roberta.encoder.layer.5.attention.output.LayerNorm.weight]
Loading weights:  87%|########6 | 91/105 [00:00<00:00, 3703.38it/s, 
Materializing param=roberta.encoder.layer.5.attention.output.LayerNorm.weight]
Loading weights:  88%|########7 | 92/105 [00:00<00:00, 3744.08it/s, 
Materializing param=roberta.encoder.layer.5.attention.output.dense.bias]      
Loading weights:  88%|########7 | 92/105 [00:00<00:00, 3744.08it/s, 
Materializing param=roberta.encoder.layer.5.attention.output.dense.bias]
Loading weights:  89%|########8 | 93/105 [00:00<00:00, 3784.78it/s, 
Materializing param=roberta.encoder.layer.5.attention.output.dense.weight]
Loading weights:  89%|########8 | 93/105 [00:00<00:00, 3784.78it/s, 
Materializing param=roberta.encoder.layer.5.attention.output.dense.weight]
Loading weights:  90%|########9 | 94/105 [00:00<00:00, 3825.47it/s, 
Materializing param=roberta.encoder.layer.5.attention.self.key.bias]      
Loading weights:  90%|########9 | 94/105 [00:00<00:00, 3825.47it/s, 
Materializing param=roberta.encoder.layer.5.attention.self.key.bias]
Loading weights:  90%|######### | 95/105 [00:00<00:00, 3866.17it/s, 
Materializing param=roberta.encoder.layer.5.attention.self.key.weight]
Loading weights:  90%|######### | 95/105 [00:00<00:00, 3866.17it/s, 
Materializing param=roberta.encoder.layer.5.attention.self.key.weight]
Loading weights:  91%|#########1| 96/105 [00:00<00:00, 3348.13it/s, 
Materializing param=roberta.encoder.layer.5.attention.self.query.bias]
Loading weights:  91%|#########1| 96/105 [00:00<00:00, 3348.13it/s, 
Materializing param=roberta.encoder.layer.5.attention.self.query.bias]
Loading weights:  92%|#########2| 97/105 [00:00<00:00, 3383.01it/s, 
Materializing param=roberta.encoder.layer.5.attention.self.query.weight]
Loading weights:  92%|#########2| 97/105 [00:00<00:00, 3383.01it/s, 
Materializing param=roberta.encoder.layer.5.attention.self.query.weight]
Loading weights:  93%|#########3| 98/105 [00:00<00:00, 3417.89it/s, 
Materializing param=roberta.encoder.layer.5.attention.self.value.bias]  
Loading weights:  93%|#########3| 98/105 [00:00<00:00, 3417.89it/s, 
Materializing param=roberta.encoder.layer.5.attention.self.value.bias]
Loading weights:  94%|#########4| 99/105 [00:00<00:00, 3452.76it/s, 
Materializing param=roberta.encoder.layer.5.attention.self.value.weight]
Loading weights:  94%|#########4| 99/105 [00:00<00:00, 3452.76it/s, 
Materializing param=roberta.encoder.layer.5.attention.self.value.weight]
Loading weights:  95%|#########5| 100/105 [00:00<00:00, 3487.64it/s, 
Materializing param=roberta.encoder.layer.5.intermediate.dense.bias]   
Loading weights:  95%|#########5| 100/105 [00:00<00:00, 3487.64it/s, 
Materializing param=roberta.encoder.layer.5.intermediate.dense.bias]
Loading weights:  96%|#########6| 101/105 [00:00<00:00, 3522.52it/s, 
Materializing param=roberta.encoder.layer.5.intermediate.dense.weight]
Loading weights:  96%|#########6| 101/105 [00:00<00:00, 3522.52it/s, 
Materializing param=roberta.encoder.layer.5.intermediate.dense.weight]
Loading weights:  97%|#########7| 102/105 [00:00<00:00, 3557.39it/s, 
Materializing param=roberta.encoder.layer.5.output.LayerNorm.bias]    
Loading weights:  97%|#########7| 102/105 [00:00<00:00, 3557.39it/s, 
Materializing param=roberta.encoder.layer.5.output.LayerNorm.bias]
Loading weights:  98%|#########8| 103/105 [00:00<00:00, 3592.27it/s, 
Materializing param=roberta.encoder.layer.5.output.LayerNorm.weight]
Loading weights:  98%|#########8| 103/105 [00:00<00:00, 3592.27it/s, 
Materializing param=roberta.encoder.layer.5.output.LayerNorm.weight]
Loading weights:  99%|#########9| 104/105 [00:00<00:00, 3627.14it/s, 
Materializing param=roberta.encoder.layer.5.output.dense.bias]      
Loading weights:  99%|#########9| 104/105 [00:00<00:00, 3627.14it/s, 
Materializing param=roberta.encoder.layer.5.output.dense.bias]
Loading weights: 100%|##########| 105/105 [00:00<00:00, 3662.02it/s, 
Materializing param=roberta.encoder.layer.5.output.dense.weight]
Loading weights: 100%|##########| 105/105 [00:00<00:00, 3662.02it/s, 
Materializing param=roberta.encoder.layer.5.output.dense.weight]
Loading weights: 100%|##########| 105/105 [00:00<00:00, 3662.02it/s, 
Materializing param=roberta.encoder.layer.5.output.dense.weight]
[1mRobertaForSequenceClassification LOAD REPORT[0m from: 
j-hartmann/emotion-english-distilroberta-base
Key                             | Status     |  | 
--------------------------------+------------+--+-
roberta.embeddings.position_ids | UNEXPECTED |  | 

[3mNotes:
- UNEXPECTED[3m	:can be ignored when loading from different 
task/architecture; not ok if you expect identical arch.[0m
Falling back to torch.float32 because loading with the original dtype failed 
on the target device.
INFO:httpx:HTTP Request: GET https://huggingface.co/api/models/j-hartmann/emoti
on-english-distilroberta-base "HTTP/1.1 200 OK"
INFO:httpx:HTTP Request: GET https://huggingface.co/api/models/j-hartmann/emoti
on-english-distilroberta-base/commits/main?p=1&limit=50 "HTTP/1.1 200 OK"
INFO:httpx:HTTP Request: GET https://huggingface.co/api/models/j-hartmann/emoti
on-english-distilroberta-base/tree/main/additional_chat_templates?recursive=fal
se&expand=false "HTTP/1.1 404 Not Found"
INFO:httpx:HTTP Request: GET https://huggingface.co/api/models/j-hartmann/emoti
on-english-distilroberta-base/commits/main "HTTP/1.1 200 OK"
INFO:httpx:HTTP Request: GET https://huggingface.co/api/models/j-hartmann/emoti
on-english-distilroberta-base/discussions?p=0 "HTTP/1.1 200 OK"
INFO:httpx:HTTP Request: GET https://huggingface.co/api/models/j-hartmann/emoti
on-english-distilroberta-base/tree/main?recursive=true&expand=false "HTTP/1.1 
200 OK"
INFO:httpx:HTTP Request: GET https://huggingface.co/api/models/j-hartmann/emoti
on-english-distilroberta-base/commits/main?p=1&limit=50 "HTTP/1.1 200 OK"
INFO:httpx:HTTP Request: GET https://huggingface.co/api/models/j-hartmann/emoti
on-english-distilroberta-base/commits/refs%2Fpr%2F3017 "HTTP/1.1 200 OK"
INFO:httpx:HTTP Request: GET https://huggingface.co/api/models/j-hartmann/emoti
on-english-distilroberta-base/commits/refs%2Fpr%2F3017?p=1&limit=50 "HTTP/1.1 
200 OK"
INFO:httpx:HTTP Request: GET https://huggingface.co/api/models/j-hartmann/emoti
on-english-distilroberta-base/discussions?p=0 "HTTP/1.1 200 OK"
INFO:httpx:HTTP Request: HEAD https://huggingface.co/j-hartmann/emotion-english
-distilroberta-base/resolve/refs%2Fpr%2F3017/model.safetensors.index.json 
"HTTP/1.1 404 Not Found"
Warning: You are sending unauthenticated requests to the HF Hub. Please set a 
HF_TOKEN to enable higher rate limits and faster downloads.
WARNING:huggingface_hub.utils._http:Warning: You are sending unauthenticated 
requests to the HF Hub. Please set a HF_TOKEN to enable higher rate limits and 
faster downloads.
INFO:httpx:HTTP Request: GET https://huggingface.co/api/models/j-hartmann/emoti
on-english-distilroberta-base/commits/refs%2Fpr%2F3017 "HTTP/1.1 200 OK"
INFO:httpx:HTTP Request: HEAD https://huggingface.co/j-hartmann/emotion-english
-distilroberta-base/resolve/refs%2Fpr%2F3017/model.safetensors "HTTP/1.1 302 
Found"
INFO:httpx:HTTP Request: GET https://huggingface.co/api/models/j-hartmann/emoti
on-english-distilroberta-base/commits/refs%2Fpr%2F3017?p=1&limit=50 "HTTP/1.1 
200 OK"
INFO:httpx:HTTP Request: HEAD https://huggingface.co/j-hartmann/emotion-english
-distilroberta-base/resolve/refs%2Fpr%2F3017/model.safetensors.index.json 
"HTTP/1.1 404 Not Found"
INFO:httpx:HTTP Request: HEAD https://huggingface.co/j-hartmann/emotion-english
-distilroberta-base/resolve/refs%2Fpr%2F3017/model.safetensors "HTTP/1.1 302 
Found"
